// Jest Snapshot v1, https://goo.gl/fbAQLP

exports[`Coupon Component renders coupon list 1`] = `ShallowWrapper {}`;
